// Jest Snapshot v1, https://goo.gl/fbAQLP

exports[`App renders correctly 1`] = `
<DocumentFragment>
  <div
    class="weather-app light"
  >
    <h1
      class="location-details light"
    />
    <div
      class="search-form light"
    >
      <input
        class="search-form__input"
        type="text"
        value=""
      />
      <button
        class="search-form__button"
        type="submit"
      >
        Search
      </button>
    </div>
    <div
      class="forecast-summaries"
    />
    <div
      class="theme-button"
    >
      <label
        class="switch"
        for="toggle-switch"
      >
        <input
          id="toggle-switch"
          type="checkbox"
        />
        <span
          class="slider round"
        />
      </label>
    </div>
  </div>
</DocumentFragment>
`;
