// Jest Snapshot v1, https://goo.gl/fbAQLP

exports[`ForecastDetails renders correctly 1`] = `
<DocumentFragment>
  <div
    class="forecast-details light"
  >
    <div
      class="forecast-details__date"
    >
      Thu Jan 01 1970
    </div>
    <div
      class="forecast-details__max-temperature"
    >
      Max Temperature:  22°C
    </div>
    <div
      class="forecast-details__min-temperature"
    >
      Min Temperature:  12°C
    </div>
    <div
      class="forecast-details__humidity"
    >
      Humidity:  30%
    </div>
    <div
      class="forecast-details__wind"
      data-testid="wind-icon"
    >
      Wind:  13mph  
      <svg
        fill="currentColor"
        height="1em"
        stroke="currentColor"
        stroke-width="0"
        viewBox="0 0 16 16"
        width="1em"
        xmlns="http://www.w3.org/2000/svg"
      >
        <path
          d="M1 8a7 7 0 1 0 14 0A7 7 0 0 0 1 8zm15 0A8 8 0 1 1 0 8a8 8 0 0 1 16 0zM8.5 4.5a.5.5 0 0 0-1 0v5.793L5.354 8.146a.5.5 0 1 0-.708.708l3 3a.5.5 0 0 0 .708 0l3-3a.5.5 0 0 0-.708-.708L8.5 10.293V4.5z"
          fill-rule="evenodd"
        />
      </svg>
    </div>
  </div>
</DocumentFragment>
`;
