// Jest Snapshot v1, https://goo.gl/fbAQLP

exports[`SearchForm renders correctly 1`] = `
<DocumentFragment>
  <div
    class="search-form light"
  >
    <input
      class="search-form__input"
      type="text"
      value="manchester"
    />
    <button
      class="search-form__button"
      type="submit"
    >
      Search
    </button>
  </div>
</DocumentFragment>
`;
